# ReviewGlass follow log; started at unix 1789672939; build 0.1.0 2ed3568; zoom=1.5 pane_lock=1 pane_fit=1 glass=736x442 lens=736x442
# <t seconds since start> <kind> <fields>: scan (every detector run), src (the source rectangle, at most 10/s), pane-event (what the glass was told), fit (Fit's decision, from the glass), view, resized, hover, hold, release, mode, lock
0.001 view 821x407 zoom=1.5 derived=0
2.131 mode lens
2.137 view 730x388 zoom=1.5 derived=0
2.138 hover 0
2.139 view 730x407 zoom=1.5 derived=0
2.144 src -87,-103,487,271 mode=lens hovered=0 held=0 pane=none
2.215 resized 736x442
2.284 hover 0
2.657 src -86,-102,487,271 mode=lens hovered=0 held=0 pane=none
2.785 src 243,-3,487,271 mode=lens hovered=0 held=0 pane=none
2.935 src 592,101,487,271 mode=lens hovered=0 held=0 pane=none
3.069 src 873,160,487,271 mode=lens hovered=0 held=0 pane=none
3.169 src 885,166,487,271 mode=lens hovered=0 held=0 pane=none
3.318 src 912,216,487,271 mode=lens hovered=0 held=0 pane=none
4.390 src 915,217,487,271 mode=lens hovered=0 held=0 pane=none
4.611 src 919,221,487,271 mode=lens hovered=0 held=0 pane=none
4.741 src 921,240,487,271 mode=lens hovered=0 held=0 pane=none
4.857 src 920,248,487,271 mode=lens hovered=0 held=0 pane=none
4.986 src 917,261,487,271 mode=lens hovered=0 held=0 pane=none
5.086 src 916,272,487,271 mode=lens hovered=0 held=0 pane=none
5.220 src 915,281,487,271 mode=lens hovered=0 held=0 pane=none
5.358 src 914,293,487,271 mode=lens hovered=0 held=0 pane=none
5.487 src 914,308,487,271 mode=lens hovered=0 held=0 pane=none
5.620 src 914,331,487,271 mode=lens hovered=0 held=0 pane=none
5.754 src 916,354,487,271 mode=lens hovered=0 held=0 pane=none
5.870 src 917,370,487,271 mode=lens hovered=0 held=0 pane=none
6.004 src 917,384,487,271 mode=lens hovered=0 held=0 pane=none
6.105 src 918,393,487,271 mode=lens hovered=0 held=0 pane=none
6.238 src 918,408,487,271 mode=lens hovered=0 held=0 pane=none
6.361 src 918,423,487,271 mode=lens hovered=0 held=0 pane=none
6.495 src 918,434,487,271 mode=lens hovered=0 held=0 pane=none
6.638 src 918,442,487,271 mode=lens hovered=0 held=0 pane=none
7.308 src 919,449,487,271 mode=lens hovered=0 held=0 pane=none
7.455 src 923,508,487,271 mode=lens hovered=0 held=0 pane=none
7.556 src 923,530,487,271 mode=lens hovered=0 held=0 pane=none
7.672 src 923,543,487,271 mode=lens hovered=0 held=0 pane=none
7.794 src 926,553,487,271 mode=lens hovered=0 held=0 pane=none
7.923 src 930,566,487,271 mode=lens hovered=0 held=0 pane=none
8.073 src 939,589,487,271 mode=lens hovered=0 held=0 pane=none
8.222 src 943,604,487,271 mode=lens hovered=0 held=0 pane=none
8.324 src 946,615,487,271 mode=lens hovered=0 held=0 pane=none
8.461 src 947,625,487,271 mode=lens hovered=0 held=0 pane=none
8.589 src 947,640,487,271 mode=lens hovered=0 held=0 pane=none
8.690 src 947,658,487,271 mode=lens hovered=0 held=0 pane=none
8.790 src 949,683,487,271 mode=lens hovered=0 held=0 pane=none
8.940 src 956,693,487,271 mode=lens hovered=0 held=0 pane=none
9.040 src 959,703,487,271 mode=lens hovered=0 held=0 pane=none
9.174 src 960,725,487,271 mode=lens hovered=0 held=0 pane=none
9.277 src 958,736,487,271 mode=lens hovered=0 held=0 pane=none
9.423 src 951,759,487,271 mode=lens hovered=0 held=0 pane=none
9.557 src 947,776,487,271 mode=lens hovered=0 held=0 pane=none
9.658 src 947,781,487,271 mode=lens hovered=0 held=0 pane=none
9.797 src 946,795,487,271 mode=lens hovered=0 held=0 pane=none
10.942 src 951,798,487,271 mode=lens hovered=0 held=0 pane=none
11.092 src 1049,778,487,271 mode=lens hovered=0 held=0 pane=none
11.232 src 1186,805,487,271 mode=lens hovered=0 held=0 pane=none
11.375 src 1277,864,487,271 mode=lens hovered=0 held=0 pane=none
11.475 src 1315,897,487,271 mode=lens hovered=0 held=0 pane=none
11.575 src 1366,922,487,271 mode=lens hovered=0 held=0 pane=none
11.676 src 1425,933,487,271 mode=lens hovered=0 held=0 pane=none
11.776 src 1478,937,487,271 mode=lens hovered=0 held=0 pane=none
12.003 src 1514,942,487,271 mode=lens hovered=0 held=0 pane=none
12.142 src 1479,946,487,271 mode=lens hovered=0 held=0 pane=none
12.243 src 1456,950,487,271 mode=lens hovered=0 held=0 pane=none
13.339 src 1452,952,487,271 mode=lens hovered=0 held=0 pane=none
13.477 src 1649,956,487,271 mode=lens hovered=0 held=0 pane=none
13.627 src 1877,996,487,271 mode=lens hovered=0 held=0 pane=none
13.760 src 1905,986,487,271 mode=lens hovered=0 held=0 pane=none
13.895 src 1951,988,487,271 mode=lens hovered=0 held=0 pane=none
14.045 src 2013,999,487,271 mode=lens hovered=0 held=0 pane=none
14.278 src 2012,999,487,271 mode=lens hovered=0 held=0 pane=none
14.411 src 1985,877,487,271 mode=lens hovered=0 held=0 pane=none
14.511 src 1960,689,487,271 mode=lens hovered=0 held=0 pane=none
14.650 src 1897,506,487,271 mode=lens hovered=0 held=0 pane=none
14.795 src 1838,334,487,271 mode=lens hovered=0 held=0 pane=none
14.895 src 1852,287,487,271 mode=lens hovered=0 held=0 pane=none
14.995 src 1883,261,487,271 mode=lens hovered=0 held=0 pane=none
15.145 src 1924,216,487,271 mode=lens hovered=0 held=0 pane=none
15.295 src 1936,205,487,271 mode=lens hovered=0 held=0 pane=none
15.399 src 1939,204,487,271 mode=lens hovered=0 held=0 pane=none
15.810 src 1940,204,487,271 mode=lens hovered=0 held=0 pane=none
15.984 src 1946,203,487,271 mode=lens hovered=0 held=0 pane=none
16.117 src 1948,203,487,271 mode=lens hovered=0 held=0 pane=none
16.246 src 1955,203,487,271 mode=lens hovered=0 held=0 pane=none
16.346 src 1967,202,487,271 mode=lens hovered=0 held=0 pane=none
16.480 src 1979,199,487,271 mode=lens hovered=0 held=0 pane=none
17.452 src 1983,199,487,271 mode=lens hovered=0 held=0 pane=none
17.597 src 2014,201,487,271 mode=lens hovered=0 held=0 pane=none
18.738 src 2017,201,487,271 mode=lens hovered=0 held=0 pane=none
18.856 src 2013,207,487,271 mode=lens hovered=0 held=0 pane=none
18.998 src 2010,215,487,271 mode=lens hovered=0 held=0 pane=none
19.099 src 2007,224,487,271 mode=lens hovered=0 held=0 pane=none
19.266 src 2007,228,487,271 mode=lens hovered=0 held=0 pane=none
22.036 src 2007,232,487,271 mode=lens hovered=0 held=0 pane=none
22.168 src 2010,243,487,271 mode=lens hovered=0 held=0 pane=none
22.351 src 2011,250,487,271 mode=lens hovered=0 held=0 pane=none
22.485 src 2011,271,487,271 mode=lens hovered=0 held=0 pane=none
22.585 src 2010,277,487,271 mode=lens hovered=0 held=0 pane=none
22.718 src 2009,287,487,271 mode=lens hovered=0 held=0 pane=none
22.823 src 2008,299,487,271 mode=lens hovered=0 held=0 pane=none
22.969 src 2007,310,487,271 mode=lens hovered=0 held=0 pane=none
23.937 src 2006,311,487,271 mode=lens hovered=0 held=0 pane=none
24.070 src 2000,355,487,271 mode=lens hovered=0 held=0 pane=none
24.170 src 1999,369,487,271 mode=lens hovered=0 held=0 pane=none
24.320 src 2000,390,487,271 mode=lens hovered=0 held=0 pane=none
24.470 src 2001,408,487,271 mode=lens hovered=0 held=0 pane=none
24.603 src 2002,420,487,271 mode=lens hovered=0 held=0 pane=none
24.775 src 2003,420,487,271 mode=lens hovered=0 held=0 pane=none
25.087 src 2006,406,487,271 mode=lens hovered=0 held=0 pane=none
25.221 src 2003,351,487,271 mode=lens hovered=0 held=0 pane=none
28.184 src 2003,352,487,271 mode=lens hovered=0 held=0 pane=none
28.312 src 2002,364,487,271 mode=lens hovered=0 held=0 pane=none
28.507 src 2001,369,487,271 mode=lens hovered=0 held=0 pane=none
28.644 src 2001,381,487,271 mode=lens hovered=0 held=0 pane=none
28.790 src 2003,404,487,271 mode=lens hovered=0 held=0 pane=none
28.941 src 2005,418,487,271 mode=lens hovered=0 held=0 pane=none
29.090 src 2006,456,487,271 mode=lens hovered=0 held=0 pane=none
29.240 src 2007,475,487,271 mode=lens hovered=0 held=0 pane=none
29.341 src 2008,485,487,271 mode=lens hovered=0 held=0 pane=none
29.645 src 2008,488,487,271 mode=lens hovered=0 held=0 pane=none
29.791 src 2006,540,487,271 mode=lens hovered=0 held=0 pane=none
29.891 src 2005,567,487,271 mode=lens hovered=0 held=0 pane=none
29.991 src 2004,586,487,271 mode=lens hovered=0 held=0 pane=none
30.092 src 2001,604,487,271 mode=lens hovered=0 held=0 pane=none
30.626 src 1999,604,487,271 mode=lens hovered=0 held=0 pane=none
30.758 src 1641,563,487,271 mode=lens hovered=0 held=0 pane=none
30.892 src 1206,620,487,271 mode=lens hovered=0 held=0 pane=none
30.992 src 1134,632,487,271 mode=lens hovered=0 held=0 pane=none
31.096 src 1084,617,487,271 mode=lens hovered=0 held=0 pane=none
31.242 src 749,493,487,271 mode=lens hovered=0 held=0 pane=none
31.343 src 513,456,487,271 mode=lens hovered=0 held=0 pane=none
31.481 src 508,459,487,271 mode=lens hovered=0 held=0 pane=none
31.798 src 512,452,487,271 mode=lens hovered=0 held=0 pane=none
31.915 src 515,452,487,271 mode=lens hovered=0 held=0 pane=none
32.084 src 514,452,487,271 mode=lens hovered=0 held=0 pane=none
32.227 src 156,449,487,271 mode=lens hovered=0 held=0 pane=none
32.377 src 7,453,487,271 mode=lens hovered=0 held=0 pane=none
32.477 src -47,451,487,271 mode=lens hovered=0 held=0 pane=none
32.578 src -88,462,487,271 mode=lens hovered=0 held=0 pane=none
32.748 src -89,464,487,271 mode=lens hovered=0 held=0 pane=none
32.877 src -88,469,487,271 mode=lens hovered=0 held=0 pane=none
33.001 src -97,481,487,271 mode=lens hovered=0 held=0 pane=none
33.114 src -54,418,487,271 mode=lens hovered=0 held=0 pane=none
33.261 src 50,165,487,271 mode=lens hovered=0 held=0 pane=none
33.402 src 65,136,487,271 mode=lens hovered=0 held=0 pane=none
33.545 src 141,140,487,271 mode=lens hovered=0 held=0 pane=none
33.694 src 425,315,487,271 mode=lens hovered=0 held=0 pane=none
33.828 src 535,332,487,271 mode=lens hovered=0 held=0 pane=none
33.932 src 540,331,487,271 mode=lens hovered=0 held=0 pane=none
34.064 hold
36.448 release
36.448 src -180,461,487,271 mode=lens hovered=0 held=0 pane=none
